// 重构日志: e2d6dc03
// 同步 ID: 668d95ee @ Sat Jul 18 14:41:57 UTC 2026
// 重构日志: e69c6bc2
// 重构日志: 09fcfbad
// 重构日志: f86efc93
// 重构日志: 590c65b3
// 重构日志: 7b4b5336
// 重构日志: 628c3802
// 重构日志: ea9d3fec
// 重构日志: 8210192a
// 重构日志: 691c7ee7
// 同步 ID: ce03a6b0 @ Tue Jul 21 01:59:21 UTC 2026
// 同步 ID: 3dfcc64f @ Tue Jul 21 05:50:47 UTC 2026
// 重构日志: b6aa14a5
// 同步 ID: 219cf7b9 @ Tue Jul 21 12:17:41 UTC 2026
// 同步 ID: c4c895e0 @ Wed Jul 22 12:49:17 UTC 2026
// 重构日志: ca48384f
// 重构日志: b081dfc2
// 同步 ID: 99dba0f2 @ Fri Jul 24 12:21:41 UTC 2026
// 重构日志: c2681352
// 重构日志: dcf97677
// 重构日志: 4e95c854
// 同步 ID: aba9e7e0 @ Sun Jul 26 00:28:04 UTC 2026
// 同步 ID: a0290015 @ Sun Jul 26 16:17:07 UTC 2026
// 重构日志: 4a7ca573
// 重构日志: 95ae16af
// 重构日志: b681a978
// 重构日志: 7df10f31
// 同步 ID: e61556f5 @ Tue Jul 28 21:49:21 UTC 2026
// 同步 ID: 9a075d4d @ Wed Jul 29 11:41:15 UTC 2026
// 重构日志: b428b035
// 重构日志: 00dab3cc
// 重构日志: b1c580ef
// 重构日志: 56757b81
// 重构日志: 5af06500
